[36mvite v5.4.21 [32mbuilding for production...[36m[39m
transforming...
node.exe : Browserslist: browsers data (caniuse-lite) is 8 months old. Please 
run:
At line:1 char:1
+ & "C:\Program Files\nodejs/node.exe" "C:\Program Files\nodejs/node_mo ...
+ ~~~~~~~~~~~~~~~~~~~~~~~~~~~~~~~~~~~~~~~~~~~~~~~~~~~~~~~~~~~~~~~~~~~~~
    + CategoryInfo          : NotSpecified: (Browserslist: b...ld. Please run: 
   :String) [], RemoteException
    + FullyQualifiedErrorId : NativeCommandError
 
  npx update-browserslist-db@latest
  Why you should do it regularly: 
https://github.com/browserslist/update-db#readme
[32mΓ£ô[39m 1625 modules transformed.
rendering chunks...
computing gzip size...
[2mdist/[22m[32mindex.html                         [39m[1m[2m  2.29 kB[22m[1m[22m[2m Γöé gzip:  0.89 kB[22m
[2mdist/[22m[32massets/ourmijos-logo-DZKnAHSn.png  [39m[1m[2m  9.12 kB[22m[1m[22m
[2mdist/[22m[35massets/index-BS4Iq2Oy.css          [39m[1m[2m 75.00 kB[22m[1m[22m[2m Γöé gzip: 12.80 kB[22m
[2mdist/[22m[36massets/index-vF56NqYP.js           [39m[1m[2m294.72 kB[22m[1m[22m[2m Γöé gzip: 91.04 kB[22m
[32mΓ£ô built in 4.63s[39m
